[  1/ 27] empty                   move=(9,9)  score=0  0.0 ms  nodes=0
[  2/ 27] one-stone-center        move=(10,10)  score=0  0.0 ms  nodes=0
[  3/ 27] opening-star            move=(10,8)  score=0  695.2 ms  nodes=203862
[  4/ 27] menaces-croisees        move=(4,4)  score=999997  1.2 ms  nodes=373
[  5/ 27] threes-opposes          move=(7,3)  score=999997  4.4 ms  nodes=1520
[  6/ 27] captures                move=(5,4)  score=999991  430.4 ms  nodes=140231
[  7/ 27] croix                   move=(3,4)  score=999991  294.8 ms  nodes=86825
[  8/ 27] open-four-black         move=(3,9)  score=999999  0.0 ms  nodes=0
[  9/ 27] open-four-white-block   move=(4,5)  score=-999998  161.5 ms  nodes=68009
[ 10/ 27] broken-four-black       move=(6,9)  score=999999  0.0 ms  nodes=0
[ 11/ 27] diagonal-open-four      move=(5,1)  score=999999  0.0 ms  nodes=0
[ 12/ 27] diagonal-three-white    move=(13,4)  score=999997  49.7 ms  nodes=14689
[ 13/ 27] capture-pair-east       move=(11,2)  score=-968  897.4 ms  nodes=386602
[ 14/ 27] capture-double          move=(9,4)  score=-968  290.5 ms  nodes=104347
[ 15/ 27] capture-race            move=(11,4)  score=-999990  91.9 ms  nodes=29738
[ 16/ 27] midgame-clash           move=(9,5)  score=-1648  512.8 ms  nodes=152266
[ 17/ 27] midgame-white           move=(5,4)  score=-4911  241.5 ms  nodes=70699
[ 18/ 27] two-open-threes         move=(4,3)  score=999997  33.9 ms  nodes=12960
[ 19/ 27] l-shape-attack          move=(8,5)  score=999997  38.4 ms  nodes=12875
[ 20/ 27] edge-fight              move=(3,1)  score=0  276.5 ms  nodes=72505
[ 21/ 27] corner-cluster          move=(2,3)  score=-968  1263.3 ms  nodes=418303
[ 22/ 27] dense-center            move=(6,4)  score=-1648  432.6 ms  nodes=122180
[ 23/ 27] long-diagonal           move=(7,2)  score=-800  1329.1 ms  nodes=396615
[ 24/ 27] split-wings             move=(1,1)  score=999997  2.2 ms  nodes=877
[ 25/ 27] sandwich-vertical       move=(7,0)  score=-968  929.3 ms  nodes=356213
[ 26/ 27] live-four-vs-three      move=(4,1)  score=-999998  4.2 ms  nodes=1137
[ 27/ 27] messy-19                move=(6,2)  score=999991  47.9 ms  nodes=12537
