[  1/ 27] empty                   move=(9,9)  score=0  0.0 ms  nodes=0
[  2/ 27] one-stone-center        move=(10,10)  score=0  0.0 ms  nodes=0
[  3/ 27] opening-star            move=(10,8)  score=0  71.0 ms  nodes=18867
[  4/ 27] menaces-croisees        move=(4,4)  score=999997  0.2 ms  nodes=47
[  5/ 27] threes-opposes          move=(7,3)  score=999997  1.8 ms  nodes=551
[  6/ 27] captures                move=(5,4)  score=0  74.4 ms  nodes=21462
[  7/ 27] croix                   move=(4,3)  score=0  72.8 ms  nodes=23102
[  8/ 27] open-four-black         move=(3,9)  score=999999  0.0 ms  nodes=0
[  9/ 27] open-four-white-block   move=(4,5)  score=-999998  13.5 ms  nodes=6104
[ 10/ 27] broken-four-black       move=(6,9)  score=999999  0.0 ms  nodes=0
[ 11/ 27] diagonal-open-four      move=(5,1)  score=999999  0.0 ms  nodes=0
[ 12/ 27] diagonal-three-white    move=(13,4)  score=999997  2.8 ms  nodes=1193
[ 13/ 27] capture-pair-east       move=(11,2)  score=-800  92.5 ms  nodes=36841
[ 14/ 27] capture-double          move=(9,4)  score=-968  64.3 ms  nodes=22709
[ 15/ 27] capture-race            move=(11,4)  score=-501031  24.4 ms  nodes=5326
[ 16/ 27] midgame-clash           move=(9,5)  score=-4200  52.1 ms  nodes=17787
[ 17/ 27] midgame-white           move=(5,4)  score=-1648  30.5 ms  nodes=10759
[ 18/ 27] two-open-threes         move=(4,3)  score=999997  2.6 ms  nodes=1282
[ 19/ 27] l-shape-attack          move=(8,5)  score=999997  4.4 ms  nodes=1344
[ 20/ 27] edge-fight              move=(3,3)  score=-800  45.5 ms  nodes=14523
[ 21/ 27] corner-cluster          move=(3,2)  score=-968  93.2 ms  nodes=32854
[ 22/ 27] dense-center            move=(6,4)  score=-1648  48.4 ms  nodes=16657
[ 23/ 27] long-diagonal           move=(7,2)  score=-700  231.5 ms  nodes=72671
[ 24/ 27] split-wings             move=(1,1)  score=999997  1.7 ms  nodes=673
[ 25/ 27] sandwich-vertical       move=(7,0)  score=-800  96.9 ms  nodes=46363
[ 26/ 27] live-four-vs-three      move=(4,1)  score=-999998  2.3 ms  nodes=790
[ 27/ 27] messy-19                move=(5,6)  score=0  45.9 ms  nodes=10725
